== uncoded card entries: 42; by label {'JOINED_THIS_SESSION': 30, 'BACKLOG (on the HEAD card, never coded)': 12}; by branch {'Reformed / Presbyterian': 17, 'Lutheran': 5, 'Anglican': 11, 'Methodist / Wesleyan': 6, 'Mennonite / Anabaptist': 1, 'Roman Catholic': 2}
   Reformed / P Q-004 Q-004-p1-BSR-RP-04-2               JOINED_THIS_SESSION
   Reformed / P Q-012 Q-012-p1-BSR-RP-04-1               BACKLOG (on the HEAD card, never coded)
   Reformed / P Q-012 Q-012-p1-BSR-RP-05-1               BACKLOG (on the HEAD card, never coded)
   Reformed / P Q-020 Q-020-p1-BSR-RP-04-1               BACKLOG (on the HEAD card, never coded)
   Reformed / P Q-020 Q-020-p1-BSR-RP-06-1               BACKLOG (on the HEAD card, never coded)
   Lutheran     Q-163 Q-163-p1-BSR-LU-01-1               JOINED_THIS_SESSION (re-verified s6)
   Lutheran     Q-163 Q-163-p1-BSR-LU-02-1               JOINED_THIS_SESSION (re-verified s6)
   Anglican     Q-165 Q-165-p1-BSR-AN-04-1               JOINED_THIS_SESSION (re-verified s6)
   Methodist /  Q-167 Q-167-p1-BSR-MW-03-2               JOINED_THIS_SESSION
   Anglican     Q-197 Q-197-p1-BSR-AN-03-2               JOINED_THIS_SESSION
   Lutheran     Q-203 Q-203-p1-BSR-LU-02-1               JOINED_THIS_SESSION (re-verified s6)
   Lutheran     Q-203 Q-203-p1-BSR-LU-01-2               JOINED_THIS_SESSION (re-verified s6)
   Reformed / P Q-204 Q-204-p1-BSR-RP-04-1               BACKLOG (on the HEAD card, never coded)
   Reformed / P Q-204 Q-204-p1-BSR-RP-05-1               BACKLOG (on the HEAD card, never coded)
   Anglican     Q-205 Q-205-p1-BSR-AN-01-1               JOINED_THIS_SESSION (re-verified s6)
   Methodist /  Q-207 Q-207-p1-BSR-MW-02-2               JOINED_THIS_SESSION (re-verified s6)
   Methodist /  Q-207 Q-207-p1-BSR-MW-03-2               JOINED_THIS_SESSION (re-verified s6)
   Mennonite /  Q-208 Q-208-p1-BSR-MA-02-1               JOINED_THIS_SESSION (re-verified s6)
   Lutheran     Q-211 Q-211-p1-BSR-LU-01-1               JOINED_THIS_SESSION (re-verified s6)
   Reformed / P Q-212 Q-212-p1-BSR-RP-01-1               JOINED_THIS_SESSION (re-verified s6)
   Reformed / P Q-212 Q-212-p1-BSR-RP-05-1               JOINED_THIS_SESSION (re-verified s6)
   Anglican     Q-213 Q-213-p1-BSR-AN-01-2               JOINED_THIS_SESSION (re-verified s6)
   Anglican     Q-213 Q-213-p1-BSR-AN-01-3               JOINED_THIS_SESSION (re-verified s6)
   Methodist /  Q-231 Q-231-p1-BSR-MW-02-1               JOINED_THIS_SESSION
   Methodist /  Q-239 Q-239-p1-BSR-MW-03-2               JOINED_THIS_SESSION
   Reformed / P Q-284 Q-284-p1-BSR-RP-04-1               BACKLOG (on the HEAD card, never coded)
   Reformed / P Q-284 Q-284-p1-BSR-RP-05-1               BACKLOG (on the HEAD card, never coded)
   Anglican     Q-285 Q-285-p1-BSR-AN-03-2               JOINED_THIS_SESSION
   Anglican     Q-285 Q-285-p1-BSR-AN-03-3               JOINED_THIS_SESSION
   Methodist /  Q-287 Q-287-p1-BSR-MW-01-2               JOINED_THIS_SESSION
   Roman Cathol Q-297 Q-297-p1-BSR-RC-06-1               JOINED_THIS_SESSION (re-verified s6)
   Roman Cathol Q-297 Q-297-p1-BSR-RC-01-1               JOINED_THIS_SESSION (re-verified s6)
   Reformed / P Q-300 Q-300-p1-BSR-RP-04-1               JOINED_THIS_SESSION (re-verified s6)
   Anglican     Q-301 Q-301-p1-BSR-AN-03-2               JOINED_THIS_SESSION
   Reformed / P Q-316 Q-316-p1-BSR-RP-06-1               BACKLOG (on the HEAD card, never coded)
   Anglican     Q-365 Q-365-p1-BSR-AN-03-2               JOINED_THIS_SESSION
   Anglican     Q-373 Q-373-p1-BSR-AN-04-2               JOINED_THIS_SESSION
   Reformed / P Q-412 Q-412-p1-BSR-RP-05-1               BACKLOG (on the HEAD card, never coded)
   Reformed / P Q-420 Q-420-p1-BSR-RP-06-1               JOINED_THIS_SESSION
   Reformed / P Q-428 Q-428-p1-BSR-RP-05-1               BACKLOG (on the HEAD card, never coded)
   Reformed / P Q-436 Q-436-p1-BSR-RP-05-1               BACKLOG (on the HEAD card, never coded)
   Anglican     Q-437 Q-437-p1-BSR-AN-03-2               JOINED_THIS_SESSION
== 43 call(s) pending
