== Gate 6 scope (APP CONFIG): 456 = 291 open + 24 closed + 141 released; ratified open count 291; closed by state {'VECTOR PENDING': 9, 'Historical Witness Retired = TRUE': 3, 'VECTOR COMPLETE': 3, 'PENDING REVIEW': 1, 'OUT OF SCOPE': 8}
== Roman Catholic: rebuilding the packet from 34 stored cell states (no model calls); verdicts changed in 0 cell(s)
   packet C:\Users\aaron\Documents\words-of-plainness\data-sources\sjn\recovery-packets\roman-catholic.json: 34 cells, 34 with candidates, 0 empty (0 all-rejected; REVIEWED offered on 0, review incomplete on 0), 0 not finished, 170 rejections kept, 0 dropped at build; exhaustion entered on 0 cell(s), changed 0, 0 exhaustion-sourced candidate(s) on 0 card(s); caveat second rubrics 0 (0 lower-floor 
== Gate 6 scope (APP CONFIG): 456 = 291 open + 24 closed + 141 released; ratified open count 291; closed by state {'VECTOR PENDING': 9, 'Historical Witness Retired = TRUE': 3, 'VECTOR COMPLETE': 3, 'PENDING REVIEW': 1, 'OUT OF SCOPE': 8}
== Anglican: rebuilding the packet from 43 stored cell states (no model calls); verdicts changed in 2 cell(s)
   Q-085 Q-085-p2-BSR-AN-05-2: ACCEPT_WITH_CAVEAT -> REJECT
   Q-085 Q-085-p2-BSR-AN-05-3: ACCEPT -> ACCEPT_WITH_CAVEAT
   Q-213 Q-213-p1-BSR-AN-02-1: ACCEPT_WITH_CAVEAT -> REJECT
   Q-213 Q-213-p1-BSR-AN-04-1: ACCEPT -> ACCEPT_WITH_CAVEAT
   packet C:\Users\aaron\Documents\words-of-plainness\data-sources\sjn\recovery-packets\anglican.json: 43 cells, 38 with candidates, 5 empty (1 all-rejected; REVIEWED offered on 0, review incomplete on 5), 0 not finished, 79 rejections kept, 0 dropped at build; exhaustion entered on 0 cell(s), changed 0, 0 exhaustion-sourced candidate(s) on 0 card(s); caveat second rubrics 0 (0 lower-floor applied
== Gate 6 scope (APP CONFIG): 456 = 291 open + 24 closed + 141 released; ratified open count 291; closed by state {'VECTOR PENDING': 9, 'Historical Witness Retired = TRUE': 3, 'VECTOR COMPLETE': 3, 'PENDING REVIEW': 1, 'OUT OF SCOPE': 8}
== Lutheran: rebuilding the packet from 39 stored cell states (no model calls); verdicts changed in 5 cell(s)
   Q-003 Q-003-p3-BSR-LU-01-b22-1: ACCEPT_WITH_CAVEAT -> REJECT
   Q-019 Q-019-p3-BSR-LU-01-b6-1: ACCEPT -> ACCEPT_WITH_CAVEAT
   Q-147 Q-147-p1-BSR-LU-01-1: ACCEPT_WITH_CAVEAT -> REJECT
   Q-227 Q-227-p1-BSR-LU-01-1: ACCEPT -> ACCEPT_WITH_CAVEAT
   Q-403 Q-403-p3-BSR-LU-01-b19-1: ACCEPT_WITH_CAVEAT -> REJECT
   packet C:\Users\aaron\Documents\words-of-plainness\data-sources\sjn\recovery-packets\lutheran.json: 39 cells, 34 with candidates, 5 empty (3 all-rejected; REVIEWED offered on 5, review incomplete on 0), 0 not finished, 54 rejections kept, 0 dropped at build; exhaustion entered on 10 cell(s), changed 5, 7 exhaustion-sourced candidate(s) on 5 card(s); caveat second rubrics 16 (2 lower-floor appli
== Gate 6 scope (APP CONFIG): 456 = 291 open + 24 closed + 141 released; ratified open count 291; closed by state {'VECTOR PENDING': 9, 'Historical Witness Retired = TRUE': 3, 'VECTOR COMPLETE': 3, 'PENDING REVIEW': 1, 'OUT OF SCOPE': 8}
== Reformed / Presbyterian: rebuilding the packet from 16 stored cell states (no model calls); verdicts changed in 4 cell(s)
   Q-020 Q-020-p1-BSR-RP-03-1: ACCEPT -> ACCEPT_WITH_CAVEAT
   Q-380 Q-380-p1-BSR-RP-01-1: ACCEPT_WITH_CAVEAT -> REJECT
   Q-380 Q-380-p1-BSR-RP-04-1: ACCEPT_WITH_CAVEAT -> REJECT
   Q-380 Q-380-p1-BSR-RP-06-1: ACCEPT_WITH_CAVEAT -> REJECT
   Q-380 Q-380-p1-BSR-RP-06-2: ACCEPT_WITH_CAVEAT -> REJECT
   Q-380 Q-380-p1-BSR-RP-04-2: ACCEPT_WITH_CAVEAT -> REJECT
   Q-428 Q-428-p1-BSR-RP-01-1: ACCEPT -> ACCEPT_WITH_CAVEAT
   Q-436 Q-436-p1-BSR-RP-03-1: ACCEPT -> ACCEPT_WITH_CAVEAT
   packet C:\Users\aaron\Documents\words-of-plainness\data-sources\sjn\recovery-packets\reformed-presbyterian.json: 16 cells, 15 with candidates, 1 empty (1 all-rejected; REVIEWED offered on 0, review incomplete on 1), 0 not finished, 154 rejections kept, 0 dropped at build; exhaustion entered on 0 cell(s), changed 0, 0 exhaustion-sourced candidate(s) on 0 card(s); caveat second rubrics 17 (1 lowe
== Gate 6 scope (APP CONFIG): 456 = 291 open + 24 closed + 141 released; ratified open count 291; closed by state {'VECTOR PENDING': 9, 'Historical Witness Retired = TRUE': 3, 'VECTOR COMPLETE': 3, 'PENDING REVIEW': 1, 'OUT OF SCOPE': 8}
== Baptist: rebuilding the packet from 37 stored cell states (no model calls); verdicts changed in 0 cell(s)
   packet C:\Users\aaron\Documents\words-of-plainness\data-sources\sjn\recovery-packets\baptist.json: 37 cells, 33 with candidates, 4 empty (0 all-rejected; REVIEWED offered on 4, review incomplete on 0), 0 not finished, 20 rejections kept, 0 dropped at build; exhaustion entered on 0 cell(s), changed 0, 0 exhaustion-sourced candidate(s) on 0 card(s); caveat second rubrics 3 (0 lower-floor applied)
== Gate 6 scope (APP CONFIG): 456 = 291 open + 24 closed + 141 released; ratified open count 291; closed by state {'VECTOR PENDING': 9, 'Historical Witness Retired = TRUE': 3, 'VECTOR COMPLETE': 3, 'PENDING REVIEW': 1, 'OUT OF SCOPE': 8}
== Methodist / Wesleyan: rebuilding the packet from 37 stored cell states (no model calls); verdicts changed in 0 cell(s)
   packet C:\Users\aaron\Documents\words-of-plainness\data-sources\sjn\recovery-packets\methodist-wesleyan.json: 37 cells, 22 with candidates, 15 empty (0 all-rejected; REVIEWED offered on 15, review incomplete on 0), 0 not finished, 63 rejections kept, 0 dropped at build; exhaustion entered on 0 cell(s), changed 0, 0 exhaustion-sourced candidate(s) on 0 card(s); caveat second rubrics 3 (0 lower-f
== Gate 6 scope (APP CONFIG): 456 = 291 open + 24 closed + 141 released; ratified open count 291; closed by state {'VECTOR PENDING': 9, 'Historical Witness Retired = TRUE': 3, 'VECTOR COMPLETE': 3, 'PENDING REVIEW': 1, 'OUT OF SCOPE': 8}
== Mennonite / Anabaptist: rebuilding the packet from 41 stored cell states (no model calls); verdicts changed in 0 cell(s)
   packet C:\Users\aaron\Documents\words-of-plainness\data-sources\sjn\recovery-packets\mennonite-anabaptist.json: 41 cells, 31 with candidates, 10 empty (4 all-rejected; REVIEWED offered on 10, review incomplete on 0), 0 not finished, 51 rejections kept, 0 dropped at build; exhaustion entered on 10 cell(s), changed 0, 0 exhaustion-sourced candidate(s) on 0 card(s); caveat second rubrics 2 (0 lowe
