== Anglican: rebuilding the packet from 43 stored cell states (no model calls); verdicts changed in 2 cell(s)
   Q-085 Q-085-p2-BSR-AN-05-2: ACCEPT_WITH_CAVEAT -> REJECT
   Q-085 Q-085-p2-BSR-AN-05-3: ACCEPT -> ACCEPT_WITH_CAVEAT
   Q-213 Q-213-p1-BSR-AN-02-1: ACCEPT_WITH_CAVEAT -> REJECT
   Q-213 Q-213-p1-BSR-AN-04-1: ACCEPT -> ACCEPT_WITH_CAVEAT
   packet C:\Users\aaron\Documents\words-of-plainness\data-sources\sjn\recovery-packets\anglican.json: 43 cells, 38 with candidates, 5 empty (1 all-rejected; REVIEWED offered on 0, review incomplete on 5), 0 not finished, 82 rejections kept, 0 dropped at build; exhaustion entered on 0 cell(s), changed 0, 0 exhaustion-sourced candidate(s) on 0 card(s); caveat second rubrics 0 (0 lower-floor applied); 2c sample 0 of 0 eligible; 22 candidate(s) on chunks repaired after the run
== Roman Catholic: rebuilding the packet from 34 stored cell states (no model calls); verdicts changed in 0 cell(s)
   packet C:\Users\aaron\Documents\words-of-plainness\data-sources\sjn\recovery-packets\roman-catholic.json: 34 cells, 34 with candidates, 0 empty (0 all-rejected; REVIEWED offered on 0, review incomplete on 0), 0 not finished, 170 rejections kept, 0 dropped at build; exhaustion entered on 0 cell(s), changed 0, 0 exhaustion-sourced candidate(s) on 0 card(s); caveat second rubrics 0 (0 lower-floor applied); 2c sample 0 of 0 eligible; 0 candidate(s) on chunks repaired after the run; ROWS WITHOUT TEXT: ['BSR-RC-05']
== Lutheran: rebuilding the packet from 39 stored cell states (no model calls); verdicts changed in 4 cell(s)
   Q-019 Q-019-p3-BSR-LU-01-b6-1: ACCEPT -> ACCEPT_WITH_CAVEAT
   Q-147 Q-147-p1-BSR-LU-01-1: ACCEPT_WITH_CAVEAT -> REJECT
   Q-227 Q-227-p1-BSR-LU-01-1: ACCEPT -> ACCEPT_WITH_CAVEAT
   Q-403 Q-403-p3-BSR-LU-01-b19-1: ACCEPT_WITH_CAVEAT -> REJECT
   packet C:\Users\aaron\Documents\words-of-plainness\data-sources\sjn\recovery-packets\lutheran.json: 39 cells, 35 with candidates, 4 empty (2 all-rejected; REVIEWED offered on 3, review incomplete on 1), 0 not finished, 27 rejections kept, 0 dropped at build; exhaustion entered on 9 cell(s), changed 6, 8 exhaustion-sourced candidate(s) on 6 card(s); caveat second rubrics 17 (2 lower-floor applied); 2c sample 0 of 0 eligible; 0 candidate(s) on chunks repaired after the run; ROWS WITHOUT TEXT: ['BSR-LU-02']
== Reformed / Presbyterian: rebuilding the packet from 16 stored cell states (no model calls); verdicts changed in 4 cell(s)
   Q-020 Q-020-p1-BSR-RP-03-1: ACCEPT -> ACCEPT_WITH_CAVEAT
   Q-380 Q-380-p1-BSR-RP-01-1: ACCEPT_WITH_CAVEAT -> REJECT
   Q-380 Q-380-p1-BSR-RP-04-1: ACCEPT_WITH_CAVEAT -> REJECT
   Q-380 Q-380-p1-BSR-RP-06-1: ACCEPT_WITH_CAVEAT -> REJECT
   Q-380 Q-380-p1-BSR-RP-06-2: ACCEPT_WITH_CAVEAT -> REJECT
   Q-380 Q-380-p1-BSR-RP-04-2: ACCEPT_WITH_CAVEAT -> REJECT
   Q-428 Q-428-p1-BSR-RP-01-1: ACCEPT -> ACCEPT_WITH_CAVEAT
   Q-436 Q-436-p1-BSR-RP-03-1: ACCEPT -> ACCEPT_WITH_CAVEAT
   packet C:\Users\aaron\Documents\words-of-plainness\data-sources\sjn\recovery-packets\reformed-presbyterian.json: 16 cells, 15 with candidates, 1 empty (1 all-rejected; REVIEWED offered on 0, review incomplete on 1), 0 not finished, 165 rejections kept, 0 dropped at build; exhaustion entered on 0 cell(s), changed 0, 0 exhaustion-sourced candidate(s) on 0 card(s); caveat second rubrics 17 (1 lower-floor applied); 2c sample 0 of 0 eligible; 0 candidate(s) on chunks repaired after the run
