BSR-RC-07 533 -> 655 {'SAME': 532, 'TEXT_CHANGED': 1} added 4
    TEXT_CHANGED BSR-RC-07::Compendium Q.533 -> ['BSR-RC-07::Compendium Q.533', 'BSR-RC-07::Compendium Q.534', 'BSR-RC-07::Compendium Q.535', 'BSR-RC-07::Compendium Q.536', 'BSR-RC-07::Compendium Q.537', 'BSR-RC-07::Compendium Q.538'] … +113
BSR-AN-04 124 -> 126 {'SAME': 123, 'TEXT_CHANGED': 1} added 0
    TEXT_CHANGED BSR-AN-04::Outline of the Faith (BCP p. 862) — The Christian Hope: Q. What, then, is our assurance as Christians? -> ['BSR-AN-04::Outline of the Faith (BCP p. 862) — The Christian Hope: Q. What, then, is our assurance as Christians?', 'BSR-AN-04::Historical Documents of the Church (BCP p. 864) — Definition of the Union of the Divine and Human Natures in the Person of Christ Council of Chalcedon, 451 A.D., Act V', 'BSR-AN-04::Historical Documents of the Church (BCP p. 864) — Quicunque Vult commonly called The Creed of Saint Athanasius'] 
BSR-AN-05 368 -> 370 {'RELOCATED': 3, 'SAME': 365} added 0
    RELOCATED BSR-AN-05::To Be a Christian, Q.1 — Everything taught should be compatible with, and acceptable to, all re -> ["BSR-AN-05::To Be a Christian, front matter — introduction: drafting guidelines, the Committee's sign-off, Scripture references, collect"] 
    RELOCATED BSR-AN-05::To Be a Christian, Q.2 — Everything taught should be expressed as briefly as possible, in terms -> ["BSR-AN-05::To Be a Christian, front matter — introduction: drafting guidelines, the Committee's sign-off, Scripture references, collect"] 
    RELOCATED BSR-AN-05::To Be a Christian, Q.3 — All the answers and questions should be as easy to explain and to reme -> ["BSR-AN-05::To Be a Christian, front matter — introduction: drafting guidelines, the Committee's sign-off, Scripture references, collect", 'BSR-AN-05::To Be a Christian, Part I, Beginning with Christ — introductory matter before Q.1', 'BSR-AN-05::To Be a Christian, Q.1 — What is the human condition?', 'BSR-AN-05::To Be a Christian, Q.2 — What is the Gospel?', 'BSR-AN-05::To Be a Christian, Q.3 — How does sin affect you?'] 
BSR-RP-05 128 -> 132 {'SAME': 125, 'TEXT_CHANGED': 3} added 0
    TEXT_CHANGED BSR-RP-05::Q&A 77 (Lord’s Day 28) -> ['BSR-RP-05::Q&A 77 (Lord’s Day 28)', 'BSR-RP-05::Q&A 77 (Lord’s Day 28) — CRC editorial note(s)'] 
    TEXT_CHANGED BSR-RP-05::Q&A 79 (Lord’s Day 29) -> ['BSR-RP-05::Q&A 79 (Lord’s Day 29)', 'BSR-RP-05::Q&A 80 (Lord’s Day 30)', 'BSR-RP-05::Q&A 80 (Lord’s Day 30) — CRC editorial note(s)'] 
    TEXT_CHANGED BSR-RP-05::Q&A 119 (Lord’s Day 45) -> ['BSR-RP-05::Q&A 119 (Lord’s Day 45)', 'BSR-RP-05::Q&A 119 (Lord’s Day 45) — CRC editorial note(s)'] 
BSR-LU-01 738 -> 741 {'SAME': 727, 'TEXT_CHANGED': 8, 'RELOCATED': 3} added 1
    TEXT_CHANGED BSR-LU-01::Small Catechism: Luther's Preface to the Small Catechism -> ["BSR-LU-01::Small Catechism: Luther's Preface to the Small Catechism"] 
    RELOCATED BSR-LU-01::Small Catechism: The Ten Commandments, ¶1–11 -> ['BSR-LU-01::Small Catechism: The Ten Commandments, ¶1–10', 'BSR-LU-01::Small Catechism: The Ten Commandments, ¶11'] 
    TEXT_CHANGED BSR-LU-01::Small Catechism: II. The Creed, ¶1–3 -> ['BSR-LU-01::Small Catechism: II. The Creed, ¶1–3'] 
    RELOCATED BSR-LU-01::Small Catechism: III. The Lord's Prayer, ¶1–7 -> ["BSR-LU-01::Small Catechism: III. The Lord's Prayer, ¶1–5", "BSR-LU-01::Small Catechism: III. The Lord's Prayer, ¶6–7"] 
    TEXT_CHANGED BSR-LU-01::Small Catechism: The Sacrament of Holy Baptism, ¶1–7 -> ['BSR-LU-01::Small Catechism: The Sacrament of Holy Baptism, ¶1–7'] 
    TEXT_CHANGED BSR-LU-01::Small Catechism: How Christians should be taught to Confess, ¶1–4 -> ['BSR-LU-01::Small Catechism: How Christians should be taught to Confess, ¶1–4'] 
    TEXT_CHANGED BSR-LU-01::Small Catechism: The Sacrament of the Altar, ¶1–5 -> ['BSR-LU-01::Small Catechism: The Sacrament of the Altar, ¶1–5'] 
    TEXT_CHANGED BSR-LU-01::Small Catechism: Daily Prayers, ¶1–4 -> ['BSR-LU-01::Small Catechism: Daily Prayers, ¶1–4'] 
    TEXT_CHANGED BSR-LU-01::Small Catechism: Table of Duties, ¶1–4 -> ['BSR-LU-01::Small Catechism: Table of Duties, ¶1–4'] 
    TEXT_CHANGED BSR-LU-01::Small Catechism: Table of Duties, ¶5–13 -> ['BSR-LU-01::Small Catechism: Table of Duties, ¶5–13'] 
    RELOCATED BSR-LU-01::Small Catechism: Christian Questions and their Answers, ¶20 -> ['BSR-LU-01::Small Catechism: Christian Questions and their Answers, ¶16–20'] 
candidates on changed chunks: 23
    Q-153 Q-153-p1-BSR-RC-07-3 unslotted None TEXT_CHANGED | same-id: False | now in: ['BSR-RC-07::Compendium Q.587'] | draw us toward him for his glory
    Q-157 Q-157-p1-BSR-AN-04-1 candidates ACCEPT TEXT_CHANGED | same-id: False | now in: ['BSR-AN-04::Historical Documents of the Church (BCP p. 864) — Quicunque Vult commonly called The Creed of Saint Athanasius'] | the Glory equal, the Majesty co-eternal
    Q-237 Q-237-p1-BSR-AN-04-1 candidates ACCEPT_WITH_CAVEAT TEXT_CHANGED | same-id: False | now in: ['BSR-AN-04::Historical Documents of the Church (BCP p. 864) — Definition of the Union of the Divine and Human Natures in the Person of Christ Council of Chalcedon, 451 A.D., Act V'] | one and the same Son and Only-begotten God the Word
    Q-277 Q-277-p1-BSR-AN-04-1 candidates ACCEPT_WITH_CAVEAT TEXT_CHANGED | same-id: False | now in: ['BSR-AN-04::Historical Documents of the Church (BCP p. 864) — Quicunque Vult commonly called The Creed of Saint Athanasius'] | the Father is Almighty, the Son Almighty, and the Holy Ghost Almighty
    Q-277 Q-277-p1-BSR-AN-04-2 candidates REJECT TEXT_CHANGED | same-id: False | now in: ['BSR-AN-04::Historical Documents of the Church (BCP p. 864) — Quicunque Vult commonly called The Creed of Saint Athanasius'] | The Father eternal, the Son eternal, and the Holy Ghost eternal
    Q-285 Q-285-p1-BSR-AN-04-1 candidates ACCEPT_WITH_CAVEAT TEXT_CHANGED | same-id: False | now in: ['BSR-AN-04::Historical Documents of the Church (BCP p. 864) — Quicunque Vult commonly called The Creed of Saint Athanasius'] | The Father uncreate, the Son uncreate, and the Holy Ghost uncreate
    Q-301 Q-301-p1-BSR-AN-04-1 candidates ACCEPT_WITH_CAVEAT TEXT_CHANGED | same-id: False | now in: ['BSR-AN-04::Historical Documents of the Church (BCP p. 864) — Quicunque Vult commonly called The Creed of Saint Athanasius'] | The Father uncreate, the Son uncreate, and the Holy Ghost uncreate
    Q-313 Q-313-p1-BSR-RC-07-1 candidates ACCEPT_WITH_CAVEAT TEXT_CHANGED | same-id: False | now in: ['BSR-RC-07::Compendium Q.586'] | God transcends everything
    Q-313 Q-313-p1-BSR-RC-07-3 unslotted None TEXT_CHANGED | same-id: False | now in: ['BSR-RC-07::Compendium Appendix A (Common Prayers) — The Te Deum'] | Father, whose majesty is boundless
    Q-317 Q-317-p1-BSR-AN-04-1 candidates ACCEPT_WITH_CAVEAT TEXT_CHANGED | same-id: False | now in: ['BSR-AN-04::Historical Documents of the Church (BCP p. 864) — Quicunque Vult commonly called The Creed of Saint Athanasius'] | The Father incomprehensible, the Son incomprehensible, and the Holy Ghost incomprehensible
    Q-365 Q-365-p1-BSR-AN-04-1 candidates ACCEPT_WITH_CAVEAT TEXT_CHANGED | same-id: False | now in: ['BSR-AN-04::Historical Documents of the Church (BCP p. 864) — Quicunque Vult commonly called The Creed of Saint Athanasius'] | The Father eternal, the Son eternal, and the Holy Ghost eternal.
    Q-365 Q-365-p1-BSR-AN-04-2 unslotted None TEXT_CHANGED | same-id: False | now in: ['BSR-AN-04::Historical Documents of the Church (BCP p. 864) — Quicunque Vult commonly called The Creed of Saint Athanasius'] | And yet they are not three eternals, but one eternal.
    Q-373 Q-373-p1-BSR-AN-04-1 candidates ACCEPT_WITH_CAVEAT TEXT_CHANGED | same-id: False | now in: ['BSR-AN-04::Historical Documents of the Church (BCP p. 864) — Quicunque Vult commonly called The Creed of Saint Athanasius'] | The Father incomprehensible, the Son incomprehensible, and the Holy Ghost incomprehensible
    Q-373 Q-373-p1-BSR-AN-04-2 candidates ACCEPT_WITH_CAVEAT TEXT_CHANGED | same-id: False | now in: ['BSR-AN-04::Historical Documents of the Church (BCP p. 864) — Quicunque Vult commonly called The Creed of Saint Athanasius'] | but one uncreated, and one incomprehensible
    Q-381 Q-381-p1-BSR-AN-04-1 candidates REJECT TEXT_CHANGED | same-id: False | now in: ['BSR-AN-04::Historical Documents of the Church (BCP p. 864) — Quicunque Vult commonly called The Creed of Saint Athanasius'] | The Father incomprehensible, the Son incomprehensible, and the Holy Ghost incomprehensible
    Q-389 Q-389-p1-BSR-AN-04-1 candidates REJECT TEXT_CHANGED | same-id: False | now in: ['BSR-AN-04::Historical Documents of the Church (BCP p. 864) — Quicunque Vult commonly called The Creed of Saint Athanasius'] | The Father incomprehensible, the Son incomprehensible, and the Holy Ghost incomprehensible
    Q-405 Q-405-p1-BSR-AN-04-1 candidates REJECT TEXT_CHANGED | same-id: False | now in: ['BSR-AN-04::Historical Documents of the Church (BCP p. 864) — Quicunque Vult commonly called The Creed of Saint Athanasius'] | The Father incomprehensible, the Son incomprehensible, and the Holy Ghost incomprehensible
    Q-413 Q-413-p1-BSR-AN-04-1 candidates ACCEPT_WITH_CAVEAT TEXT_CHANGED | same-id: False | now in: ['BSR-AN-04::Historical Documents of the Church (BCP p. 864) — Definition of the Union of the Divine and Human Natures in the Person of Christ Council of Chalcedon, 451 A.D., Act V'] | recognized in two natures, without confusion, without change, without division, without separation
    Q-421 Q-421-p1-BSR-AN-04-1 candidates ACCEPT_WITH_CAVEAT TEXT_CHANGED | same-id: False | now in: ['BSR-AN-04::Historical Documents of the Church (BCP p. 864) — Definition of the Union of the Divine and Human Natures in the Person of Christ Council of Chalcedon, 451 A.D., Act V'] | recognized in two natures, without confusion, without change, without division, without separation
    Q-429 Q-429-p1-BSR-AN-04-1 candidates ACCEPT_WITH_CAVEAT TEXT_CHANGED | same-id: False | now in: ['BSR-AN-04::Historical Documents of the Church (BCP p. 864) — Definition of the Union of the Divine and Human Natures in the Person of Christ Council of Chalcedon, 451 A.D., Act V'] | recognized in two natures, without confusion, without change, without division, without separation
    Q-437 Q-437-p1-BSR-AN-04-1 candidates ACCEPT_WITH_CAVEAT TEXT_CHANGED | same-id: False | now in: ['BSR-AN-04::Historical Documents of the Church (BCP p. 864) — Definition of the Union of the Divine and Human Natures in the Person of Christ Council of Chalcedon, 451 A.D., Act V'] | recognized in two natures, without confusion, without change, without division, without separation
    Q-445 Q-445-p1-BSR-AN-04-1 candidates ACCEPT TEXT_CHANGED | same-id: False | now in: ['BSR-AN-04::Historical Documents of the Church (BCP p. 864) — Quicunque Vult commonly called The Creed of Saint Athanasius'] | neither confounding the Persons, nor dividing the Substance
    Q-453 Q-453-p1-BSR-AN-04-1 candidates ACCEPT_WITH_CAVEAT TEXT_CHANGED | same-id: False | now in: ['BSR-AN-04::Historical Documents of the Church (BCP p. 864) — Quicunque Vult commonly called The Creed of Saint Athanasius'] | The Father incomprehensible, the Son incomprehensible, and the Holy Ghost incomprehensible
C:\Users\aaron\Documents\words-of-plainness\data-sources\sjn\recovery-runs\session13\chunk-id-mapping.json
